
===========================================================================
 report_power
============================================================================
======================= Fastest Corner ===================================

Group                  Internal  Switching    Leakage      Total
                          Power      Power      Power      Power (Watts)
----------------------------------------------------------------
Sequential             2.00e-06   1.11e-07   1.89e-09   2.11e-06   2.4%
Combinational          2.49e-05   2.33e-05   6.01e-09   4.82e-05  53.9%
Clock                  2.41e-05   1.49e-05   2.75e-09   3.90e-05  43.7%
Macro                  0.00e+00   0.00e+00   0.00e+00   0.00e+00   0.0%
Pad                    0.00e+00   0.00e+00   0.00e+00   0.00e+00   0.0%
----------------------------------------------------------------
Total                  5.10e-05   3.83e-05   1.07e-08   8.93e-05 100.0%
                          57.1%      42.9%       0.0%

======================= Slowest Corner ===================================

Group                  Internal  Switching    Leakage      Total
                          Power      Power      Power      Power (Watts)
----------------------------------------------------------------
Sequential             1.34e-06   7.24e-08   1.87e-08   1.43e-06   2.3%
Combinational          1.67e-05   1.56e-05   1.78e-06   3.40e-05  54.8%
Clock                  1.66e-05   9.99e-06   5.96e-08   2.67e-05  42.9%
Macro                  0.00e+00   0.00e+00   0.00e+00   0.00e+00   0.0%
Pad                    0.00e+00   0.00e+00   0.00e+00   0.00e+00   0.0%
----------------------------------------------------------------
Total                  3.47e-05   2.56e-05   1.86e-06   6.21e-05 100.0%
                          55.8%      41.2%       3.0%

======================= Typical Corner ===================================

Group                  Internal  Switching    Leakage      Total
                          Power      Power      Power      Power (Watts)
----------------------------------------------------------------
Sequential             1.72e-06   9.39e-08   1.89e-09   1.81e-06   2.4%
Combinational          2.10e-05   1.98e-05   1.21e-09   4.08e-05  53.8%
Clock                  2.05e-05   1.27e-05   2.60e-09   3.31e-05  43.8%
Macro                  0.00e+00   0.00e+00   0.00e+00   0.00e+00   0.0%
Pad                    0.00e+00   0.00e+00   0.00e+00   0.00e+00   0.0%
----------------------------------------------------------------
Total                  4.32e-05   3.25e-05   5.70e-09   7.57e-05 100.0%
                          57.1%      42.9%       0.0%

