
===========================================================================
report_checks -path_delay min (Hold)
============================================================================
======================= Fastest Corner ===================================

Startpoint: _19_ (rising edge-triggered flip-flop clocked by clk)
Endpoint: _19_ (rising edge-triggered flip-flop clocked by clk)
Path Group: clk
Path Type: min
Corner: Fastest

Fanout     Cap    Slew   Delay    Time   Description
-----------------------------------------------------------------------------
                          0.00    0.00   clock clk (rise edge)
                          4.65    4.65   clock source latency
     1    0.09    0.61    0.00    4.65 ^ wb_clk_i (in)
                                         wb_clk_i (net)
                  0.62    0.00    4.65 ^ clkbuf_0_wb_clk_i/A (sky130_fd_sc_hd__clkbuf_16)
     2    0.08    0.08    0.16    4.82 ^ clkbuf_0_wb_clk_i/X (sky130_fd_sc_hd__clkbuf_16)
                                         clknet_0_wb_clk_i (net)
                  0.08    0.01    4.83 ^ clkbuf_1_0__f_wb_clk_i/A (sky130_fd_sc_hd__clkbuf_16)
     1    0.02    0.03    0.09    4.92 ^ clkbuf_1_0__f_wb_clk_i/X (sky130_fd_sc_hd__clkbuf_16)
                                         clknet_1_0__leaf_wb_clk_i (net)
                  0.03    0.00    4.92 ^ _19_/CLK (sky130_fd_sc_hd__dfrtp_1)
     2    0.02    0.11    0.25    5.16 ^ _19_/Q (sky130_fd_sc_hd__dfrtp_1)
                                         net51 (net)
                  0.11    0.00    5.16 ^ _16_/A_N (sky130_fd_sc_hd__and3b_1)
     1    0.00    0.02    0.11    5.27 v _16_/X (sky130_fd_sc_hd__and3b_1)
                                         _03_ (net)
                  0.02    0.00    5.27 v _17_/A (sky130_fd_sc_hd__clkbuf_1)
     1    0.00    0.02    0.05    5.32 v _17_/X (sky130_fd_sc_hd__clkbuf_1)
                                         _00_ (net)
                  0.02    0.00    5.32 v _19_/D (sky130_fd_sc_hd__dfrtp_1)
                                  5.32   data arrival time

                          0.00    0.00   clock clk (rise edge)
                          5.57    5.57   clock source latency
     1    0.09    0.61    0.00    5.57 ^ wb_clk_i (in)
                                         wb_clk_i (net)
                  0.62    0.01    5.58 ^ clkbuf_0_wb_clk_i/A (sky130_fd_sc_hd__clkbuf_16)
     2    0.08    0.08    0.18    5.76 ^ clkbuf_0_wb_clk_i/X (sky130_fd_sc_hd__clkbuf_16)
                                         clknet_0_wb_clk_i (net)
                  0.08    0.01    5.76 ^ clkbuf_1_0__f_wb_clk_i/A (sky130_fd_sc_hd__clkbuf_16)
     1    0.02    0.03    0.10    5.86 ^ clkbuf_1_0__f_wb_clk_i/X (sky130_fd_sc_hd__clkbuf_16)
                                         clknet_1_0__leaf_wb_clk_i (net)
                  0.03    0.00    5.87 ^ _19_/CLK (sky130_fd_sc_hd__dfrtp_1)
                          0.10    5.97   clock uncertainty
                         -0.95    5.02   clock reconvergence pessimism
                         -0.03    4.99   library hold time
                                  4.99   data required time
-----------------------------------------------------------------------------
                                  4.99   data required time
                                 -5.32   data arrival time
-----------------------------------------------------------------------------
                                  0.34   slack (MET)


Startpoint: _19_ (rising edge-triggered flip-flop clocked by clk)
Endpoint: wbs_ack_o (output port clocked by clk)
Path Group: clk
Path Type: min
Corner: Fastest

Fanout     Cap    Slew   Delay    Time   Description
-----------------------------------------------------------------------------
                          0.00    0.00   clock clk (rise edge)
                          4.65    4.65   clock source latency
     1    0.09    0.61    0.00    4.65 ^ wb_clk_i (in)
                                         wb_clk_i (net)
                  0.62    0.00    4.65 ^ clkbuf_0_wb_clk_i/A (sky130_fd_sc_hd__clkbuf_16)
     2    0.08    0.08    0.16    4.82 ^ clkbuf_0_wb_clk_i/X (sky130_fd_sc_hd__clkbuf_16)
                                         clknet_0_wb_clk_i (net)
                  0.08    0.01    4.83 ^ clkbuf_1_0__f_wb_clk_i/A (sky130_fd_sc_hd__clkbuf_16)
     1    0.02    0.03    0.09    4.92 ^ clkbuf_1_0__f_wb_clk_i/X (sky130_fd_sc_hd__clkbuf_16)
                                         clknet_1_0__leaf_wb_clk_i (net)
                  0.03    0.00    4.92 ^ _19_/CLK (sky130_fd_sc_hd__dfrtp_1)
     2    0.02    0.07    0.25    5.17 v _19_/Q (sky130_fd_sc_hd__dfrtp_1)
                                         net51 (net)
                  0.07    0.00    5.17 v output51/A (sky130_fd_sc_hd__buf_12)
     1    0.19    0.08    0.14    5.30 v output51/X (sky130_fd_sc_hd__buf_12)
                                         wbs_ack_o (net)
                  0.08    0.01    5.31 v wbs_ack_o (out)
                                  5.31   data arrival time

                          0.00    0.00   clock clk (rise edge)
                          5.57    5.57   clock network delay (propagated)
                          0.10    5.67   clock uncertainty
                          0.00    5.67   clock reconvergence pessimism
                         -1.37    4.30   output external delay
                                  4.30   data required time
-----------------------------------------------------------------------------
                                  4.30   data required time
                                 -5.31   data arrival time
-----------------------------------------------------------------------------
                                  1.01   slack (MET)


Startpoint: wb_rst_i (input port clocked by clk)
Endpoint: _19_ (removal check against rising-edge clock clk)
Path Group: asynchronous
Path Type: min
Corner: Fastest

Fanout     Cap    Slew   Delay    Time   Description
-----------------------------------------------------------------------------
                          0.00    0.00   clock clk (rise edge)
                          4.65    4.65   clock network delay (propagated)
                         12.50   17.15 v input external delay
     1    0.00    0.00    0.00   17.15 v wb_rst_i (in)
                                         wb_rst_i (net)
                  0.00    0.00   17.15 v input1/A (sky130_fd_sc_hd__clkbuf_1)
     1    0.01    0.03    0.05   17.20 v input1/X (sky130_fd_sc_hd__clkbuf_1)
                                         net1 (net)
                  0.03    0.00   17.21 v _18_/A (sky130_fd_sc_hd__inv_2)
     1    0.01    0.03    0.03   17.24 ^ _18_/Y (sky130_fd_sc_hd__inv_2)
                                         _01_ (net)
                  0.03    0.00   17.24 ^ _19_/RESET_B (sky130_fd_sc_hd__dfrtp_1)
                                 17.24   data arrival time

                          0.00    0.00   clock clk (rise edge)
                          5.57    5.57   clock source latency
     1    0.09    0.61    0.00    5.57 ^ wb_clk_i (in)
                                         wb_clk_i (net)
                  0.62    0.01    5.58 ^ clkbuf_0_wb_clk_i/A (sky130_fd_sc_hd__clkbuf_16)
     2    0.08    0.08    0.18    5.76 ^ clkbuf_0_wb_clk_i/X (sky130_fd_sc_hd__clkbuf_16)
                                         clknet_0_wb_clk_i (net)
                  0.08    0.01    5.76 ^ clkbuf_1_0__f_wb_clk_i/A (sky130_fd_sc_hd__clkbuf_16)
     1    0.02    0.03    0.10    5.86 ^ clkbuf_1_0__f_wb_clk_i/X (sky130_fd_sc_hd__clkbuf_16)
                                         clknet_1_0__leaf_wb_clk_i (net)
                  0.03    0.00    5.87 ^ _19_/CLK (sky130_fd_sc_hd__dfrtp_1)
                          0.10    5.97   clock uncertainty
                          0.00    5.97   clock reconvergence pessimism
                          0.20    6.16   library removal time
                                  6.16   data required time
-----------------------------------------------------------------------------
                                  6.16   data required time
                                -17.24   data arrival time
-----------------------------------------------------------------------------
                                 11.08   slack (MET)



worst slack corner Fastest: 0.3357
======================= Slowest Corner ===================================

Startpoint: wbs_cyc_i (input port clocked by clk)
Endpoint: _19_ (rising edge-triggered flip-flop clocked by clk)
Path Group: clk
Path Type: min
Corner: Slowest

Fanout     Cap    Slew   Delay    Time   Description
-----------------------------------------------------------------------------
                          0.00    0.00   clock clk (rise edge)
                          4.65    4.65   clock network delay (propagated)
                          1.69    6.34 ^ input external delay
     1    0.00    0.09    0.00    6.34 ^ wbs_cyc_i (in)
                                         wbs_cyc_i (net)
                  0.09    0.00    6.34 ^ input12/A (sky130_fd_sc_hd__clkbuf_1)
     2    0.01    0.21    0.24    6.58 ^ input12/X (sky130_fd_sc_hd__clkbuf_1)
                                         net12 (net)
                  0.21    0.00    6.59 ^ _16_/C (sky130_fd_sc_hd__and3b_1)
     1    0.00    0.08    0.33    6.92 ^ _16_/X (sky130_fd_sc_hd__and3b_1)
                                         _03_ (net)
                  0.08    0.00    6.92 ^ _17_/A (sky130_fd_sc_hd__clkbuf_1)
     1    0.00    0.08    0.16    7.08 ^ _17_/X (sky130_fd_sc_hd__clkbuf_1)
                                         _00_ (net)
                  0.08    0.00    7.08 ^ _19_/D (sky130_fd_sc_hd__dfrtp_1)
                                  7.08   data arrival time

                          0.00    0.00   clock clk (rise edge)
                          5.57    5.57   clock source latency
     1    0.09    0.61    0.00    5.57 ^ wb_clk_i (in)
                                         wb_clk_i (net)
                  0.62    0.01    5.58 ^ clkbuf_0_wb_clk_i/A (sky130_fd_sc_hd__clkbuf_16)
     2    0.07    0.15    0.54    6.12 ^ clkbuf_0_wb_clk_i/X (sky130_fd_sc_hd__clkbuf_16)
                                         clknet_0_wb_clk_i (net)
                  0.15    0.01    6.13 ^ clkbuf_1_0__f_wb_clk_i/A (sky130_fd_sc_hd__clkbuf_16)
     1    0.02    0.06    0.26    6.39 ^ clkbuf_1_0__f_wb_clk_i/X (sky130_fd_sc_hd__clkbuf_16)
                                         clknet_1_0__leaf_wb_clk_i (net)
                  0.06    0.00    6.39 ^ _19_/CLK (sky130_fd_sc_hd__dfrtp_1)
                          0.10    6.49   clock uncertainty
                          0.00    6.49   clock reconvergence pessimism
                         -0.08    6.41   library hold time
                                  6.41   data required time
-----------------------------------------------------------------------------
                                  6.41   data required time
                                 -7.08   data arrival time
-----------------------------------------------------------------------------
                                  0.67   slack (MET)


Startpoint: _19_ (rising edge-triggered flip-flop clocked by clk)
Endpoint: wbs_ack_o (output port clocked by clk)
Path Group: clk
Path Type: min
Corner: Slowest

Fanout     Cap    Slew   Delay    Time   Description
-----------------------------------------------------------------------------
                          0.00    0.00   clock clk (rise edge)
                          4.65    4.65   clock source latency
     1    0.09    0.61    0.00    4.65 ^ wb_clk_i (in)
                                         wb_clk_i (net)
                  0.62    0.00    4.65 ^ clkbuf_0_wb_clk_i/A (sky130_fd_sc_hd__clkbuf_16)
     2    0.07    0.15    0.49    5.15 ^ clkbuf_0_wb_clk_i/X (sky130_fd_sc_hd__clkbuf_16)
                                         clknet_0_wb_clk_i (net)
                  0.15    0.01    5.15 ^ clkbuf_1_0__f_wb_clk_i/A (sky130_fd_sc_hd__clkbuf_16)
     1    0.02    0.06    0.24    5.39 ^ clkbuf_1_0__f_wb_clk_i/X (sky130_fd_sc_hd__clkbuf_16)
                                         clknet_1_0__leaf_wb_clk_i (net)
                  0.06    0.00    5.39 ^ _19_/CLK (sky130_fd_sc_hd__dfrtp_1)
     2    0.02    0.23    0.73    6.12 ^ _19_/Q (sky130_fd_sc_hd__dfrtp_1)
                                         net51 (net)
                  0.23    0.00    6.13 ^ output51/A (sky130_fd_sc_hd__buf_12)
     1    0.19    0.34    0.43    6.56 ^ output51/X (sky130_fd_sc_hd__buf_12)
                                         wbs_ack_o (net)
                  0.34    0.01    6.57 ^ wbs_ack_o (out)
                                  6.57   data arrival time

                          0.00    0.00   clock clk (rise edge)
                          5.57    5.57   clock network delay (propagated)
                          0.10    5.67   clock uncertainty
                          0.00    5.67   clock reconvergence pessimism
                         -1.37    4.30   output external delay
                                  4.30   data required time
-----------------------------------------------------------------------------
                                  4.30   data required time
                                 -6.57   data arrival time
-----------------------------------------------------------------------------
                                  2.27   slack (MET)


Startpoint: wb_rst_i (input port clocked by clk)
Endpoint: _19_ (removal check against rising-edge clock clk)
Path Group: asynchronous
Path Type: min
Corner: Slowest

Fanout     Cap    Slew   Delay    Time   Description
-----------------------------------------------------------------------------
                          0.00    0.00   clock clk (rise edge)
                          4.65    4.65   clock network delay (propagated)
                         12.50   17.15 v input external delay
     1    0.00    0.00    0.00   17.15 v wb_rst_i (in)
                                         wb_rst_i (net)
                  0.00    0.00   17.15 v input1/A (sky130_fd_sc_hd__clkbuf_1)
     1    0.01    0.09    0.16   17.31 v input1/X (sky130_fd_sc_hd__clkbuf_1)
                                         net1 (net)
                  0.09    0.00   17.31 v _18_/A (sky130_fd_sc_hd__inv_2)
     1    0.01    0.05    0.08   17.39 ^ _18_/Y (sky130_fd_sc_hd__inv_2)
                                         _01_ (net)
                  0.05    0.00   17.39 ^ _19_/RESET_B (sky130_fd_sc_hd__dfrtp_1)
                                 17.39   data arrival time

                          0.00    0.00   clock clk (rise edge)
                          5.57    5.57   clock source latency
     1    0.09    0.61    0.00    5.57 ^ wb_clk_i (in)
                                         wb_clk_i (net)
                  0.62    0.01    5.58 ^ clkbuf_0_wb_clk_i/A (sky130_fd_sc_hd__clkbuf_16)
     2    0.07    0.15    0.54    6.12 ^ clkbuf_0_wb_clk_i/X (sky130_fd_sc_hd__clkbuf_16)
                                         clknet_0_wb_clk_i (net)
                  0.15    0.01    6.13 ^ clkbuf_1_0__f_wb_clk_i/A (sky130_fd_sc_hd__clkbuf_16)
     1    0.02    0.06    0.26    6.39 ^ clkbuf_1_0__f_wb_clk_i/X (sky130_fd_sc_hd__clkbuf_16)
                                         clknet_1_0__leaf_wb_clk_i (net)
                  0.06    0.00    6.39 ^ _19_/CLK (sky130_fd_sc_hd__dfrtp_1)
                          0.10    6.49   clock uncertainty
                          0.00    6.49   clock reconvergence pessimism
                          0.65    7.14   library removal time
                                  7.14   data required time
-----------------------------------------------------------------------------
                                  7.14   data required time
                                -17.39   data arrival time
-----------------------------------------------------------------------------
                                 10.25   slack (MET)



worst slack corner Slowest: 0.6657
======================= Typical Corner ===================================

Startpoint: _19_ (rising edge-triggered flip-flop clocked by clk)
Endpoint: _19_ (rising edge-triggered flip-flop clocked by clk)
Path Group: clk
Path Type: min
Corner: Typical

Fanout     Cap    Slew   Delay    Time   Description
-----------------------------------------------------------------------------
                          0.00    0.00   clock clk (rise edge)
                          4.65    4.65   clock source latency
     1    0.09    0.61    0.00    4.65 ^ wb_clk_i (in)
                                         wb_clk_i (net)
                  0.62    0.00    4.65 ^ clkbuf_0_wb_clk_i/A (sky130_fd_sc_hd__clkbuf_16)
     2    0.07    0.10    0.29    4.94 ^ clkbuf_0_wb_clk_i/X (sky130_fd_sc_hd__clkbuf_16)
                                         clknet_0_wb_clk_i (net)
                  0.10    0.01    4.95 ^ clkbuf_1_0__f_wb_clk_i/A (sky130_fd_sc_hd__clkbuf_16)
     1    0.02    0.04    0.13    5.08 ^ clkbuf_1_0__f_wb_clk_i/X (sky130_fd_sc_hd__clkbuf_16)
                                         clknet_1_0__leaf_wb_clk_i (net)
                  0.04    0.00    5.09 ^ _19_/CLK (sky130_fd_sc_hd__dfrtp_1)
     2    0.02    0.15    0.38    5.46 ^ _19_/Q (sky130_fd_sc_hd__dfrtp_1)
                                         net51 (net)
                  0.15    0.00    5.46 ^ _16_/A_N (sky130_fd_sc_hd__and3b_1)
     1    0.00    0.03    0.18    5.64 v _16_/X (sky130_fd_sc_hd__and3b_1)
                                         _03_ (net)
                  0.03    0.00    5.64 v _17_/A (sky130_fd_sc_hd__clkbuf_1)
     1    0.00    0.03    0.08    5.72 v _17_/X (sky130_fd_sc_hd__clkbuf_1)
                                         _00_ (net)
                  0.03    0.00    5.72 v _19_/D (sky130_fd_sc_hd__dfrtp_1)
                                  5.72   data arrival time

                          0.00    0.00   clock clk (rise edge)
                          5.57    5.57   clock source latency
     1    0.09    0.61    0.00    5.57 ^ wb_clk_i (in)
                                         wb_clk_i (net)
                  0.62    0.01    5.58 ^ clkbuf_0_wb_clk_i/A (sky130_fd_sc_hd__clkbuf_16)
     2    0.07    0.10    0.32    5.89 ^ clkbuf_0_wb_clk_i/X (sky130_fd_sc_hd__clkbuf_16)
                                         clknet_0_wb_clk_i (net)
                  0.10    0.01    5.90 ^ clkbuf_1_0__f_wb_clk_i/A (sky130_fd_sc_hd__clkbuf_16)
     1    0.02    0.04    0.15    6.05 ^ clkbuf_1_0__f_wb_clk_i/X (sky130_fd_sc_hd__clkbuf_16)
                                         clknet_1_0__leaf_wb_clk_i (net)
                  0.04    0.00    6.05 ^ _19_/CLK (sky130_fd_sc_hd__dfrtp_1)
                          0.10    6.15   clock uncertainty
                         -0.97    5.19   clock reconvergence pessimism
                         -0.04    5.14   library hold time
                                  5.14   data required time
-----------------------------------------------------------------------------
                                  5.14   data required time
                                 -5.72   data arrival time
-----------------------------------------------------------------------------
                                  0.58   slack (MET)


Startpoint: _19_ (rising edge-triggered flip-flop clocked by clk)
Endpoint: wbs_ack_o (output port clocked by clk)
Path Group: clk
Path Type: min
Corner: Typical

Fanout     Cap    Slew   Delay    Time   Description
-----------------------------------------------------------------------------
                          0.00    0.00   clock clk (rise edge)
                          4.65    4.65   clock source latency
     1    0.09    0.61    0.00    4.65 ^ wb_clk_i (in)
                                         wb_clk_i (net)
                  0.62    0.00    4.65 ^ clkbuf_0_wb_clk_i/A (sky130_fd_sc_hd__clkbuf_16)
     2    0.07    0.10    0.29    4.94 ^ clkbuf_0_wb_clk_i/X (sky130_fd_sc_hd__clkbuf_16)
                                         clknet_0_wb_clk_i (net)
                  0.10    0.01    4.95 ^ clkbuf_1_0__f_wb_clk_i/A (sky130_fd_sc_hd__clkbuf_16)
     1    0.02    0.04    0.13    5.08 ^ clkbuf_1_0__f_wb_clk_i/X (sky130_fd_sc_hd__clkbuf_16)
                                         clknet_1_0__leaf_wb_clk_i (net)
                  0.04    0.00    5.09 ^ _19_/CLK (sky130_fd_sc_hd__dfrtp_1)
     2    0.02    0.09    0.39    5.47 v _19_/Q (sky130_fd_sc_hd__dfrtp_1)
                                         net51 (net)
                  0.09    0.00    5.48 v output51/A (sky130_fd_sc_hd__buf_12)
     1    0.19    0.10    0.20    5.68 v output51/X (sky130_fd_sc_hd__buf_12)
                                         wbs_ack_o (net)
                  0.11    0.01    5.68 v wbs_ack_o (out)
                                  5.68   data arrival time

                          0.00    0.00   clock clk (rise edge)
                          5.57    5.57   clock network delay (propagated)
                          0.10    5.67   clock uncertainty
                          0.00    5.67   clock reconvergence pessimism
                         -1.37    4.30   output external delay
                                  4.30   data required time
-----------------------------------------------------------------------------
                                  4.30   data required time
                                 -5.68   data arrival time
-----------------------------------------------------------------------------
                                  1.38   slack (MET)


Startpoint: wb_rst_i (input port clocked by clk)
Endpoint: _19_ (removal check against rising-edge clock clk)
Path Group: asynchronous
Path Type: min
Corner: Typical

Fanout     Cap    Slew   Delay    Time   Description
-----------------------------------------------------------------------------
                          0.00    0.00   clock clk (rise edge)
                          4.65    4.65   clock network delay (propagated)
                         12.50   17.15 v input external delay
     1    0.00    0.00    0.00   17.15 v wb_rst_i (in)
                                         wb_rst_i (net)
                  0.00    0.00   17.15 v input1/A (sky130_fd_sc_hd__clkbuf_1)
     1    0.01    0.05    0.08   17.23 v input1/X (sky130_fd_sc_hd__clkbuf_1)
                                         net1 (net)
                  0.05    0.00   17.23 v _18_/A (sky130_fd_sc_hd__inv_2)
     1    0.01    0.03    0.05   17.28 ^ _18_/Y (sky130_fd_sc_hd__inv_2)
                                         _01_ (net)
                  0.03    0.00   17.28 ^ _19_/RESET_B (sky130_fd_sc_hd__dfrtp_1)
                                 17.28   data arrival time

                          0.00    0.00   clock clk (rise edge)
                          5.57    5.57   clock source latency
     1    0.09    0.61    0.00    5.57 ^ wb_clk_i (in)
                                         wb_clk_i (net)
                  0.62    0.01    5.58 ^ clkbuf_0_wb_clk_i/A (sky130_fd_sc_hd__clkbuf_16)
     2    0.07    0.10    0.32    5.89 ^ clkbuf_0_wb_clk_i/X (sky130_fd_sc_hd__clkbuf_16)
                                         clknet_0_wb_clk_i (net)
                  0.10    0.01    5.90 ^ clkbuf_1_0__f_wb_clk_i/A (sky130_fd_sc_hd__clkbuf_16)
     1    0.02    0.04    0.15    6.05 ^ clkbuf_1_0__f_wb_clk_i/X (sky130_fd_sc_hd__clkbuf_16)
                                         clknet_1_0__leaf_wb_clk_i (net)
                  0.04    0.00    6.05 ^ _19_/CLK (sky130_fd_sc_hd__dfrtp_1)
                          0.10    6.15   clock uncertainty
                          0.00    6.15   clock reconvergence pessimism
                          0.32    6.47   library removal time
                                  6.47   data required time
-----------------------------------------------------------------------------
                                  6.47   data required time
                                -17.28   data arrival time
-----------------------------------------------------------------------------
                                 10.81   slack (MET)



worst slack corner Typical: 0.5795
