
===========================================================================
report_checks -path_delay min (Hold)
============================================================================
======================= Fastest Corner ===================================

Startpoint: mprj/_19_ (rising edge-triggered flip-flop clocked by clk)
Endpoint: mprj/_19_ (rising edge-triggered flip-flop clocked by clk)
Path Group: clk
Path Type: min
Corner: Fastest

Fanout     Cap    Slew   Delay    Time   Description
-----------------------------------------------------------------------------
                          0.00    0.00   clock clk (rise edge)
                          4.65    4.65   clock source latency
     1    0.04    0.61    0.00    4.65 ^ wb_clk_i (in)
                                         wb_clk_i (net)
                  0.62    0.00    4.65 ^ mprj/clkbuf_0_wb_clk_i/A (sky130_fd_sc_hd__clkbuf_16)
     2    0.07    0.08    0.17    4.82 ^ mprj/clkbuf_0_wb_clk_i/X (sky130_fd_sc_hd__clkbuf_16)
                                         mprj/clknet_0_wb_clk_i (net)
                  0.08    0.00    4.82 ^ mprj/clkbuf_1_0__f_wb_clk_i/A (sky130_fd_sc_hd__clkbuf_16)
     1    0.02    0.03    0.09    4.91 ^ mprj/clkbuf_1_0__f_wb_clk_i/X (sky130_fd_sc_hd__clkbuf_16)
                                         mprj/clknet_1_0__leaf_wb_clk_i (net)
                  0.03    0.00    4.91 ^ mprj/_19_/CLK (sky130_fd_sc_hd__dfrtp_1)
     2    0.01    0.10    0.24    5.15 ^ mprj/_19_/Q (sky130_fd_sc_hd__dfrtp_1)
                                         mprj/net51 (net)
                  0.10    0.00    5.15 ^ mprj/_16_/A_N (sky130_fd_sc_hd__and3b_1)
     1    0.00    0.02    0.10    5.25 v mprj/_16_/X (sky130_fd_sc_hd__and3b_1)
                                         mprj/_03_ (net)
                  0.02    0.00    5.25 v mprj/_17_/A (sky130_fd_sc_hd__clkbuf_1)
     1    0.00    0.02    0.05    5.31 v mprj/_17_/X (sky130_fd_sc_hd__clkbuf_1)
                                         mprj/_00_ (net)
                  0.02    0.00    5.31 v mprj/_19_/D (sky130_fd_sc_hd__dfrtp_1)
                                  5.31   data arrival time

                          0.00    0.00   clock clk (rise edge)
                          5.57    5.57   clock source latency
     1    0.04    0.61    0.00    5.57 ^ wb_clk_i (in)
                                         wb_clk_i (net)
                  0.62    0.00    5.57 ^ mprj/clkbuf_0_wb_clk_i/A (sky130_fd_sc_hd__clkbuf_16)
     2    0.07    0.08    0.18    5.76 ^ mprj/clkbuf_0_wb_clk_i/X (sky130_fd_sc_hd__clkbuf_16)
                                         mprj/clknet_0_wb_clk_i (net)
                  0.08    0.00    5.76 ^ mprj/clkbuf_1_0__f_wb_clk_i/A (sky130_fd_sc_hd__clkbuf_16)
     1    0.02    0.03    0.10    5.86 ^ mprj/clkbuf_1_0__f_wb_clk_i/X (sky130_fd_sc_hd__clkbuf_16)
                                         mprj/clknet_1_0__leaf_wb_clk_i (net)
                  0.03    0.00    5.86 ^ mprj/_19_/CLK (sky130_fd_sc_hd__dfrtp_1)
                          0.25    6.11   clock uncertainty
                         -0.95    5.16   clock reconvergence pessimism
                         -0.03    5.13   library hold time
                                  5.13   data required time
-----------------------------------------------------------------------------
                                  5.13   data required time
                                 -5.31   data arrival time
-----------------------------------------------------------------------------
                                  0.17   slack (MET)


Startpoint: mprj/_19_ (rising edge-triggered flip-flop clocked by clk)
Endpoint: wbs_ack_o (output port clocked by clk)
Path Group: clk
Path Type: min
Corner: Fastest

Fanout     Cap    Slew   Delay    Time   Description
-----------------------------------------------------------------------------
                          0.00    0.00   clock clk (rise edge)
                          4.65    4.65   clock source latency
     1    0.04    0.61    0.00    4.65 ^ wb_clk_i (in)
                                         wb_clk_i (net)
                  0.62    0.00    4.65 ^ mprj/clkbuf_0_wb_clk_i/A (sky130_fd_sc_hd__clkbuf_16)
     2    0.07    0.08    0.17    4.82 ^ mprj/clkbuf_0_wb_clk_i/X (sky130_fd_sc_hd__clkbuf_16)
                                         mprj/clknet_0_wb_clk_i (net)
                  0.08    0.00    4.82 ^ mprj/clkbuf_1_0__f_wb_clk_i/A (sky130_fd_sc_hd__clkbuf_16)
     1    0.02    0.03    0.09    4.91 ^ mprj/clkbuf_1_0__f_wb_clk_i/X (sky130_fd_sc_hd__clkbuf_16)
                                         mprj/clknet_1_0__leaf_wb_clk_i (net)
                  0.03    0.00    4.91 ^ mprj/_19_/CLK (sky130_fd_sc_hd__dfrtp_1)
     2    0.01    0.06    0.24    5.15 v mprj/_19_/Q (sky130_fd_sc_hd__dfrtp_1)
                                         mprj/net51 (net)
                  0.06    0.00    5.15 v mprj/output51/A (sky130_fd_sc_hd__buf_12)
     1    0.22    0.09    0.12    5.28 v mprj/output51/X (sky130_fd_sc_hd__buf_12)
                                         wbs_ack_o (net)
                  0.11    0.03    5.31 v wbs_ack_o (out)
                                  5.31   data arrival time

                          0.00    0.00   clock clk (rise edge)
                          5.57    5.57   clock network delay (propagated)
                          0.25    5.82   clock uncertainty
                          0.00    5.82   clock reconvergence pessimism
                         -1.37    4.45   output external delay
                                  4.45   data required time
-----------------------------------------------------------------------------
                                  4.45   data required time
                                 -5.31   data arrival time
-----------------------------------------------------------------------------
                                  0.86   slack (MET)


Startpoint: wb_rst_i (input port clocked by clk)
Endpoint: mprj/_19_ (removal check against rising-edge clock clk)
Path Group: asynchronous
Path Type: min
Corner: Fastest

Fanout     Cap    Slew   Delay    Time   Description
-----------------------------------------------------------------------------
                          0.00    0.00   clock clk (rise edge)
                          4.65    4.65   clock network delay (propagated)
                         12.50   17.15 v input external delay
     1    0.03    0.00    0.00   17.15 v wb_rst_i (in)
                                         wb_rst_i (net)
                  0.00    0.00   17.15 v mprj/input1/A (sky130_fd_sc_hd__clkbuf_1)
     1    0.01    0.03    0.06   17.21 v mprj/input1/X (sky130_fd_sc_hd__clkbuf_1)
                                         mprj/net1 (net)
                  0.03    0.00   17.21 v mprj/_18_/A (sky130_fd_sc_hd__inv_2)
     1    0.01    0.02    0.03   17.24 ^ mprj/_18_/Y (sky130_fd_sc_hd__inv_2)
                                         mprj/_01_ (net)
                  0.02    0.00   17.24 ^ mprj/_19_/RESET_B (sky130_fd_sc_hd__dfrtp_1)
                                 17.24   data arrival time

                          0.00    0.00   clock clk (rise edge)
                          5.57    5.57   clock source latency
     1    0.04    0.61    0.00    5.57 ^ wb_clk_i (in)
                                         wb_clk_i (net)
                  0.62    0.00    5.57 ^ mprj/clkbuf_0_wb_clk_i/A (sky130_fd_sc_hd__clkbuf_16)
     2    0.07    0.08    0.18    5.76 ^ mprj/clkbuf_0_wb_clk_i/X (sky130_fd_sc_hd__clkbuf_16)
                                         mprj/clknet_0_wb_clk_i (net)
                  0.08    0.00    5.76 ^ mprj/clkbuf_1_0__f_wb_clk_i/A (sky130_fd_sc_hd__clkbuf_16)
     1    0.02    0.03    0.10    5.86 ^ mprj/clkbuf_1_0__f_wb_clk_i/X (sky130_fd_sc_hd__clkbuf_16)
                                         mprj/clknet_1_0__leaf_wb_clk_i (net)
                  0.03    0.00    5.86 ^ mprj/_19_/CLK (sky130_fd_sc_hd__dfrtp_1)
                          0.25    6.11   clock uncertainty
                          0.00    6.11   clock reconvergence pessimism
                          0.20    6.30   library removal time
                                  6.30   data required time
-----------------------------------------------------------------------------
                                  6.30   data required time
                                -17.24   data arrival time
-----------------------------------------------------------------------------
                                 10.94   slack (MET)



worst slack corner Fastest: 0.1735
======================= Slowest Corner ===================================

Startpoint: wbs_cyc_i (input port clocked by clk)
Endpoint: mprj/_19_ (rising edge-triggered flip-flop clocked by clk)
Path Group: clk
Path Type: min
Corner: Slowest

Fanout     Cap    Slew   Delay    Time   Description
-----------------------------------------------------------------------------
                          0.00    0.00   clock clk (rise edge)
                          4.65    4.65   clock network delay (propagated)
                          1.69    6.34 ^ input external delay
     1    0.03    0.09    0.00    6.34 ^ wbs_cyc_i (in)
                                         wbs_cyc_i (net)
                  0.09    0.00    6.34 ^ mprj/input12/A (sky130_fd_sc_hd__clkbuf_1)
     2    0.01    0.17    0.22    6.56 ^ mprj/input12/X (sky130_fd_sc_hd__clkbuf_1)
                                         mprj/net12 (net)
                  0.17    0.00    6.56 ^ mprj/_16_/C (sky130_fd_sc_hd__and3b_1)
     1    0.00    0.08    0.32    6.88 ^ mprj/_16_/X (sky130_fd_sc_hd__and3b_1)
                                         mprj/_03_ (net)
                  0.08    0.00    6.88 ^ mprj/_17_/A (sky130_fd_sc_hd__clkbuf_1)
     1    0.00    0.08    0.15    7.04 ^ mprj/_17_/X (sky130_fd_sc_hd__clkbuf_1)
                                         mprj/_00_ (net)
                  0.08    0.00    7.04 ^ mprj/_19_/D (sky130_fd_sc_hd__dfrtp_1)
                                  7.04   data arrival time

                          0.00    0.00   clock clk (rise edge)
                          5.57    5.57   clock source latency
     1    0.04    0.61    0.00    5.57 ^ wb_clk_i (in)
                                         wb_clk_i (net)
                  0.62    0.00    5.57 ^ mprj/clkbuf_0_wb_clk_i/A (sky130_fd_sc_hd__clkbuf_16)
     2    0.07    0.14    0.54    6.12 ^ mprj/clkbuf_0_wb_clk_i/X (sky130_fd_sc_hd__clkbuf_16)
                                         mprj/clknet_0_wb_clk_i (net)
                  0.14    0.00    6.12 ^ mprj/clkbuf_1_0__f_wb_clk_i/A (sky130_fd_sc_hd__clkbuf_16)
     1    0.02    0.06    0.26    6.38 ^ mprj/clkbuf_1_0__f_wb_clk_i/X (sky130_fd_sc_hd__clkbuf_16)
                                         mprj/clknet_1_0__leaf_wb_clk_i (net)
                  0.06    0.00    6.38 ^ mprj/_19_/CLK (sky130_fd_sc_hd__dfrtp_1)
                          0.25    6.63   clock uncertainty
                          0.00    6.63   clock reconvergence pessimism
                         -0.08    6.55   library hold time
                                  6.55   data required time
-----------------------------------------------------------------------------
                                  6.55   data required time
                                 -7.04   data arrival time
-----------------------------------------------------------------------------
                                  0.49   slack (MET)


Startpoint: mprj/_19_ (rising edge-triggered flip-flop clocked by clk)
Endpoint: wbs_ack_o (output port clocked by clk)
Path Group: clk
Path Type: min
Corner: Slowest

Fanout     Cap    Slew   Delay    Time   Description
-----------------------------------------------------------------------------
                          0.00    0.00   clock clk (rise edge)
                          4.65    4.65   clock source latency
     1    0.04    0.61    0.00    4.65 ^ wb_clk_i (in)
                                         wb_clk_i (net)
                  0.62    0.00    4.65 ^ mprj/clkbuf_0_wb_clk_i/A (sky130_fd_sc_hd__clkbuf_16)
     2    0.07    0.14    0.49    5.14 ^ mprj/clkbuf_0_wb_clk_i/X (sky130_fd_sc_hd__clkbuf_16)
                                         mprj/clknet_0_wb_clk_i (net)
                  0.14    0.00    5.15 ^ mprj/clkbuf_1_0__f_wb_clk_i/A (sky130_fd_sc_hd__clkbuf_16)
     1    0.02    0.06    0.24    5.38 ^ mprj/clkbuf_1_0__f_wb_clk_i/X (sky130_fd_sc_hd__clkbuf_16)
                                         mprj/clknet_1_0__leaf_wb_clk_i (net)
                  0.06    0.00    5.38 ^ mprj/_19_/CLK (sky130_fd_sc_hd__dfrtp_1)
     2    0.01    0.16    0.78    6.17 v mprj/_19_/Q (sky130_fd_sc_hd__dfrtp_1)
                                         mprj/net51 (net)
                  0.16    0.00    6.17 v mprj/output51/A (sky130_fd_sc_hd__buf_12)
     1    0.22    0.21    0.37    6.53 v mprj/output51/X (sky130_fd_sc_hd__buf_12)
                                         wbs_ack_o (net)
                  0.21    0.03    6.56 v wbs_ack_o (out)
                                  6.56   data arrival time

                          0.00    0.00   clock clk (rise edge)
                          5.57    5.57   clock network delay (propagated)
                          0.25    5.82   clock uncertainty
                          0.00    5.82   clock reconvergence pessimism
                         -1.37    4.45   output external delay
                                  4.45   data required time
-----------------------------------------------------------------------------
                                  4.45   data required time
                                 -6.56   data arrival time
-----------------------------------------------------------------------------
                                  2.11   slack (MET)


Startpoint: wb_rst_i (input port clocked by clk)
Endpoint: mprj/_19_ (removal check against rising-edge clock clk)
Path Group: asynchronous
Path Type: min
Corner: Slowest

Fanout     Cap    Slew   Delay    Time   Description
-----------------------------------------------------------------------------
                          0.00    0.00   clock clk (rise edge)
                          4.65    4.65   clock network delay (propagated)
                         12.50   17.15 v input external delay
     1    0.03    0.00    0.00   17.15 v wb_rst_i (in)
                                         wb_rst_i (net)
                  0.00    0.00   17.15 v mprj/input1/A (sky130_fd_sc_hd__clkbuf_1)
     1    0.01    0.09    0.16   17.31 v mprj/input1/X (sky130_fd_sc_hd__clkbuf_1)
                                         mprj/net1 (net)
                  0.09    0.00   17.31 v mprj/_18_/A (sky130_fd_sc_hd__inv_2)
     1    0.01    0.05    0.08   17.39 ^ mprj/_18_/Y (sky130_fd_sc_hd__inv_2)
                                         mprj/_01_ (net)
                  0.05    0.00   17.39 ^ mprj/_19_/RESET_B (sky130_fd_sc_hd__dfrtp_1)
                                 17.39   data arrival time

                          0.00    0.00   clock clk (rise edge)
                          5.57    5.57   clock source latency
     1    0.04    0.61    0.00    5.57 ^ wb_clk_i (in)
                                         wb_clk_i (net)
                  0.62    0.00    5.57 ^ mprj/clkbuf_0_wb_clk_i/A (sky130_fd_sc_hd__clkbuf_16)
     2    0.07    0.14    0.54    6.12 ^ mprj/clkbuf_0_wb_clk_i/X (sky130_fd_sc_hd__clkbuf_16)
                                         mprj/clknet_0_wb_clk_i (net)
                  0.14    0.00    6.12 ^ mprj/clkbuf_1_0__f_wb_clk_i/A (sky130_fd_sc_hd__clkbuf_16)
     1    0.02    0.06    0.26    6.38 ^ mprj/clkbuf_1_0__f_wb_clk_i/X (sky130_fd_sc_hd__clkbuf_16)
                                         mprj/clknet_1_0__leaf_wb_clk_i (net)
                  0.06    0.00    6.38 ^ mprj/_19_/CLK (sky130_fd_sc_hd__dfrtp_1)
                          0.25    6.63   clock uncertainty
                          0.00    6.63   clock reconvergence pessimism
                          0.65    7.28   library removal time
                                  7.28   data required time
-----------------------------------------------------------------------------
                                  7.28   data required time
                                -17.39   data arrival time
-----------------------------------------------------------------------------
                                 10.11   slack (MET)



worst slack corner Slowest: 0.4873
======================= Typical Corner ===================================

Startpoint: mprj/_19_ (rising edge-triggered flip-flop clocked by clk)
Endpoint: mprj/_19_ (rising edge-triggered flip-flop clocked by clk)
Path Group: clk
Path Type: min
Corner: Typical

Fanout     Cap    Slew   Delay    Time   Description
-----------------------------------------------------------------------------
                          0.00    0.00   clock clk (rise edge)
                          4.65    4.65   clock source latency
     1    0.04    0.61    0.00    4.65 ^ wb_clk_i (in)
                                         wb_clk_i (net)
                  0.62    0.00    4.65 ^ mprj/clkbuf_0_wb_clk_i/A (sky130_fd_sc_hd__clkbuf_16)
     2    0.07    0.10    0.29    4.94 ^ mprj/clkbuf_0_wb_clk_i/X (sky130_fd_sc_hd__clkbuf_16)
                                         mprj/clknet_0_wb_clk_i (net)
                  0.10    0.00    4.94 ^ mprj/clkbuf_1_0__f_wb_clk_i/A (sky130_fd_sc_hd__clkbuf_16)
     1    0.02    0.04    0.13    5.08 ^ mprj/clkbuf_1_0__f_wb_clk_i/X (sky130_fd_sc_hd__clkbuf_16)
                                         mprj/clknet_1_0__leaf_wb_clk_i (net)
                  0.04    0.00    5.08 ^ mprj/_19_/CLK (sky130_fd_sc_hd__dfrtp_1)
     2    0.01    0.13    0.37    5.44 ^ mprj/_19_/Q (sky130_fd_sc_hd__dfrtp_1)
                                         mprj/net51 (net)
                  0.13    0.00    5.44 ^ mprj/_16_/A_N (sky130_fd_sc_hd__and3b_1)
     1    0.00    0.03    0.18    5.62 v mprj/_16_/X (sky130_fd_sc_hd__and3b_1)
                                         mprj/_03_ (net)
                  0.03    0.00    5.62 v mprj/_17_/A (sky130_fd_sc_hd__clkbuf_1)
     1    0.00    0.03    0.08    5.70 v mprj/_17_/X (sky130_fd_sc_hd__clkbuf_1)
                                         mprj/_00_ (net)
                  0.03    0.00    5.70 v mprj/_19_/D (sky130_fd_sc_hd__dfrtp_1)
                                  5.70   data arrival time

                          0.00    0.00   clock clk (rise edge)
                          5.57    5.57   clock source latency
     1    0.04    0.61    0.00    5.57 ^ wb_clk_i (in)
                                         wb_clk_i (net)
                  0.62    0.00    5.57 ^ mprj/clkbuf_0_wb_clk_i/A (sky130_fd_sc_hd__clkbuf_16)
     2    0.07    0.10    0.32    5.89 ^ mprj/clkbuf_0_wb_clk_i/X (sky130_fd_sc_hd__clkbuf_16)
                                         mprj/clknet_0_wb_clk_i (net)
                  0.10    0.00    5.89 ^ mprj/clkbuf_1_0__f_wb_clk_i/A (sky130_fd_sc_hd__clkbuf_16)
     1    0.02    0.04    0.15    6.04 ^ mprj/clkbuf_1_0__f_wb_clk_i/X (sky130_fd_sc_hd__clkbuf_16)
                                         mprj/clknet_1_0__leaf_wb_clk_i (net)
                  0.04    0.00    6.04 ^ mprj/_19_/CLK (sky130_fd_sc_hd__dfrtp_1)
                          0.25    6.29   clock uncertainty
                         -0.97    5.33   clock reconvergence pessimism
                         -0.04    5.29   library hold time
                                  5.29   data required time
-----------------------------------------------------------------------------
                                  5.29   data required time
                                 -5.70   data arrival time
-----------------------------------------------------------------------------
                                  0.41   slack (MET)


Startpoint: mprj/_19_ (rising edge-triggered flip-flop clocked by clk)
Endpoint: wbs_ack_o (output port clocked by clk)
Path Group: clk
Path Type: min
Corner: Typical

Fanout     Cap    Slew   Delay    Time   Description
-----------------------------------------------------------------------------
                          0.00    0.00   clock clk (rise edge)
                          4.65    4.65   clock source latency
     1    0.04    0.61    0.00    4.65 ^ wb_clk_i (in)
                                         wb_clk_i (net)
                  0.62    0.00    4.65 ^ mprj/clkbuf_0_wb_clk_i/A (sky130_fd_sc_hd__clkbuf_16)
     2    0.07    0.10    0.29    4.94 ^ mprj/clkbuf_0_wb_clk_i/X (sky130_fd_sc_hd__clkbuf_16)
                                         mprj/clknet_0_wb_clk_i (net)
                  0.10    0.00    4.94 ^ mprj/clkbuf_1_0__f_wb_clk_i/A (sky130_fd_sc_hd__clkbuf_16)
     1    0.02    0.04    0.13    5.08 ^ mprj/clkbuf_1_0__f_wb_clk_i/X (sky130_fd_sc_hd__clkbuf_16)
                                         mprj/clknet_1_0__leaf_wb_clk_i (net)
                  0.04    0.00    5.08 ^ mprj/_19_/CLK (sky130_fd_sc_hd__dfrtp_1)
     2    0.01    0.08    0.38    5.46 v mprj/_19_/Q (sky130_fd_sc_hd__dfrtp_1)
                                         mprj/net51 (net)
                  0.08    0.00    5.46 v mprj/output51/A (sky130_fd_sc_hd__buf_12)
     1    0.22    0.12    0.19    5.65 v mprj/output51/X (sky130_fd_sc_hd__buf_12)
                                         wbs_ack_o (net)
                  0.13    0.03    5.68 v wbs_ack_o (out)
                                  5.68   data arrival time

                          0.00    0.00   clock clk (rise edge)
                          5.57    5.57   clock network delay (propagated)
                          0.25    5.82   clock uncertainty
                          0.00    5.82   clock reconvergence pessimism
                         -1.37    4.45   output external delay
                                  4.45   data required time
-----------------------------------------------------------------------------
                                  4.45   data required time
                                 -5.68   data arrival time
-----------------------------------------------------------------------------
                                  1.23   slack (MET)


Startpoint: wb_rst_i (input port clocked by clk)
Endpoint: mprj/_19_ (removal check against rising-edge clock clk)
Path Group: asynchronous
Path Type: min
Corner: Typical

Fanout     Cap    Slew   Delay    Time   Description
-----------------------------------------------------------------------------
                          0.00    0.00   clock clk (rise edge)
                          4.65    4.65   clock network delay (propagated)
                         12.50   17.15 v input external delay
     1    0.03    0.00    0.00   17.15 v wb_rst_i (in)
                                         wb_rst_i (net)
                  0.00    0.00   17.15 v mprj/input1/A (sky130_fd_sc_hd__clkbuf_1)
     1    0.01    0.05    0.08   17.24 v mprj/input1/X (sky130_fd_sc_hd__clkbuf_1)
                                         mprj/net1 (net)
                  0.05    0.00   17.24 v mprj/_18_/A (sky130_fd_sc_hd__inv_2)
     1    0.01    0.03    0.05   17.28 ^ mprj/_18_/Y (sky130_fd_sc_hd__inv_2)
                                         mprj/_01_ (net)
                  0.03    0.00   17.28 ^ mprj/_19_/RESET_B (sky130_fd_sc_hd__dfrtp_1)
                                 17.28   data arrival time

                          0.00    0.00   clock clk (rise edge)
                          5.57    5.57   clock source latency
     1    0.04    0.61    0.00    5.57 ^ wb_clk_i (in)
                                         wb_clk_i (net)
                  0.62    0.00    5.57 ^ mprj/clkbuf_0_wb_clk_i/A (sky130_fd_sc_hd__clkbuf_16)
     2    0.07    0.10    0.32    5.89 ^ mprj/clkbuf_0_wb_clk_i/X (sky130_fd_sc_hd__clkbuf_16)
                                         mprj/clknet_0_wb_clk_i (net)
                  0.10    0.00    5.89 ^ mprj/clkbuf_1_0__f_wb_clk_i/A (sky130_fd_sc_hd__clkbuf_16)
     1    0.02    0.04    0.15    6.04 ^ mprj/clkbuf_1_0__f_wb_clk_i/X (sky130_fd_sc_hd__clkbuf_16)
                                         mprj/clknet_1_0__leaf_wb_clk_i (net)
                  0.04    0.00    6.04 ^ mprj/_19_/CLK (sky130_fd_sc_hd__dfrtp_1)
                          0.25    6.29   clock uncertainty
                          0.00    6.29   clock reconvergence pessimism
                          0.32    6.61   library removal time
                                  6.61   data required time
-----------------------------------------------------------------------------
                                  6.61   data required time
                                -17.28   data arrival time
-----------------------------------------------------------------------------
                                 10.67   slack (MET)



worst slack corner Typical: 0.4122
