Partial/Required:  7.20, Required:    400.0, Partial:  2881.52, Net: wbs_dat_i[29], Pin: mprj/wbs_dat_i[29], Layer: met3
Partial/Required:  6.52, Required:    400.0, Partial:  2606.98, Net: wbs_dat_i[27], Pin: mprj/wbs_dat_i[27], Layer: met3
Partial/Required:  6.17, Required:    400.0, Partial:  2466.79, Net: wbs_dat_i[26], Pin: mprj/wbs_dat_i[26], Layer: met3
Partial/Required:  5.83, Required:    400.0, Partial:  2332.44, Net: wbs_dat_i[25], Pin: mprj/wbs_dat_i[25], Layer: met3
Partial/Required:  5.48, Required:    400.0, Partial:  2192.25, Net: wbs_dat_i[24], Pin: mprj/wbs_dat_i[24], Layer: met3
Partial/Required:  5.14, Required:    400.0, Partial:   2057.9, Net: wbs_dat_i[23], Pin: mprj/wbs_dat_i[23], Layer: met3
Partial/Required:  4.44, Required:    400.0, Partial:  1777.52, Net: wbs_dat_i[21], Pin: mprj/wbs_dat_i[21], Layer: met3
Partial/Required:  4.11, Required:    400.0, Partial:  1643.17, Net: wbs_dat_i[20], Pin: mprj/wbs_dat_i[20], Layer: met3
Partial/Required:  3.76, Required:    400.0, Partial:  1502.98, Net: wbs_dat_i[19], Pin: mprj/wbs_dat_i[19], Layer: met3
Partial/Required:  3.49, Required:    400.0, Partial:  1397.84, Net: wbs_we_i, Pin: mprj/wbs_we_i, Layer: met3
Partial/Required:  3.42, Required:    400.0, Partial:  1368.63, Net: wbs_dat_i[18], Pin: mprj/wbs_dat_i[18], Layer: met3
Partial/Required:  3.09, Required:    400.0, Partial:  1236.06, Net: wbs_dat_i[17], Pin: mprj/wbs_dat_i[17], Layer: met3
Partial/Required:  3.04, Required:    400.0, Partial:  1216.76, Net: wbs_sel_i[0], Pin: mprj/wbs_sel_i[0], Layer: met3
Partial/Required:  2.75, Required:    400.0, Partial:  1101.71, Net: wbs_dat_i[16], Pin: mprj/wbs_dat_i[16], Layer: met3
Partial/Required:  2.43, Required:    400.0, Partial:   971.43, Net: wbs_adr_i[0], Pin: mprj/wbs_adr_i[0], Layer: met3
Partial/Required:  2.38, Required:    400.0, Partial:    953.9, Net: wbs_dat_i[15], Pin: mprj/wbs_dat_i[15], Layer: met3
Partial/Required:  2.12, Required:    400.0, Partial:   848.76, Net: wbs_sel_i[2], Pin: mprj/wbs_sel_i[2], Layer: met3
Partial/Required:  2.06, Required:    400.0, Partial:    825.9, Net: wbs_adr_i[3], Pin: mprj/wbs_adr_i[3], Layer: met3
Partial/Required:  2.05, Required:    400.0, Partial:   819.56, Net: wbs_dat_i[14], Pin: mprj/wbs_dat_i[14], Layer: met3
Partial/Required:  2.03, Required:    400.0, Partial:   813.71, Net: wbs_dat_i[1], Pin: mprj/wbs_dat_i[1], Layer: met3
Partial/Required:  2.02, Required:    400.0, Partial:   807.87, Net: wbs_dat_i[0], Pin: mprj/wbs_dat_i[0], Layer: met3
Partial/Required:  2.01, Required:    400.0, Partial:   802.03, Net: wbs_adr_i[1], Pin: mprj/wbs_adr_i[1], Layer: met3
Partial/Required:  1.93, Required:    400.0, Partial:   773.33, Net: wbs_sel_i[1], Pin: mprj/wbs_sel_i[1], Layer: met3
Partial/Required:  1.87, Required:    400.0, Partial:   749.46, Net: wbs_dat_i[3], Pin: mprj/wbs_dat_i[3], Layer: met3
Partial/Required:  1.83, Required:    400.0, Partial:   731.94, Net: wbs_dat_i[2], Pin: mprj/wbs_dat_i[2], Layer: met3
Partial/Required:  1.75, Required:    400.0, Partial:   698.67, Net: wbs_adr_i[2], Pin: mprj/wbs_adr_i[2], Layer: met3
Partial/Required:  1.70, Required:    400.0, Partial:   679.37, Net: wbs_dat_i[13], Pin: mprj/wbs_dat_i[13], Layer: met3
Partial/Required:  1.67, Required:    400.0, Partial:   667.68, Net: wbs_sel_i[3], Pin: mprj/wbs_sel_i[3], Layer: met3
Partial/Required:  1.60, Required:    400.0, Partial:   641.67, Net: wbs_dat_i[8], Pin: mprj/wbs_dat_i[8], Layer: met2
Partial/Required:  1.58, Required:    400.0, Partial:    634.0, Net: wbs_dat_i[22], Pin: mprj/wbs_dat_i[22], Layer: met2
Partial/Required:  1.58, Required:    400.0, Partial:    634.0, Net: wbs_dat_i[28], Pin: mprj/wbs_dat_i[28], Layer: met2
Partial/Required:  1.58, Required:    400.0, Partial:    634.0, Net: wbs_dat_i[30], Pin: mprj/wbs_dat_i[30], Layer: met2
Partial/Required:  1.58, Required:    400.0, Partial:    634.0, Net: wbs_dat_i[31], Pin: mprj/wbs_dat_i[31], Layer: met2
Partial/Required:  1.54, Required:    400.0, Partial:   615.11, Net: wbs_adr_i[4], Pin: mprj/wbs_adr_i[4], Layer: met3
Partial/Required:  1.44, Required:    400.0, Partial:   574.22, Net: wbs_dat_i[4], Pin: mprj/wbs_dat_i[4], Layer: met3
Partial/Required:  1.42, Required:    400.0, Partial:    566.0, Net: wbs_dat_i[2], Pin: mprj/wbs_dat_i[2], Layer: met2
Partial/Required:  1.41, Required:    400.0, Partial:   562.22, Net: wbs_adr_i[1], Pin: mprj/wbs_adr_i[1], Layer: met2
Partial/Required:  1.40, Required:    400.0, Partial:   558.44, Net: wbs_sel_i[1], Pin: mprj/wbs_sel_i[1], Layer: met2
Partial/Required:  1.39, Required:    400.0, Partial:   556.89, Net: wbs_dat_i[10], Pin: mprj/wbs_dat_i[10], Layer: met2
Partial/Required:  1.38, Required:    400.0, Partial:   553.11, Net: wbs_dat_i[11], Pin: mprj/wbs_dat_i[11], Layer: met2
Partial/Required:  1.38, Required:    400.0, Partial:   551.22, Net: wbs_dat_i[3], Pin: mprj/wbs_dat_i[3], Layer: met2
Partial/Required:  1.38, Required:    400.0, Partial:   550.89, Net: wbs_dat_i[0], Pin: mprj/wbs_dat_i[0], Layer: met2
Partial/Required:  1.37, Required:    400.0, Partial:   549.33, Net: wbs_adr_i[3], Pin: mprj/wbs_adr_i[3], Layer: met2
Partial/Required:  1.37, Required:    400.0, Partial:   549.33, Net: wbs_dat_i[15], Pin: mprj/wbs_dat_i[15], Layer: met2
Partial/Required:  1.37, Required:    400.0, Partial:   549.33, Net: wbs_dat_i[29], Pin: mprj/wbs_dat_i[29], Layer: met2
Partial/Required:  1.37, Required:    400.0, Partial:   547.11, Net: wbs_adr_i[0], Pin: mprj/wbs_adr_i[0], Layer: met2
Partial/Required:  1.36, Required:    400.0, Partial:   545.56, Net: wbs_dat_i[14], Pin: mprj/wbs_dat_i[14], Layer: met2
Partial/Required:  1.36, Required:    400.0, Partial:   543.33, Net: wbs_dat_i[1], Pin: mprj/wbs_dat_i[1], Layer: met2
Partial/Required:  1.35, Required:    400.0, Partial:   541.78, Net: wbs_dat_i[13], Pin: mprj/wbs_dat_i[13], Layer: met2
Partial/Required:  1.35, Required:    400.0, Partial:   539.17, Net: wbs_dat_i[12], Pin: mprj/wbs_dat_i[12], Layer: met3
Partial/Required:  1.34, Required:    400.0, Partial:    538.0, Net: wbs_dat_i[12], Pin: mprj/wbs_dat_i[12], Layer: met2
Partial/Required:  1.34, Required:    400.0, Partial:   535.78, Net: wbs_adr_i[2], Pin: mprj/wbs_adr_i[2], Layer: met2
Partial/Required:  1.34, Required:    400.0, Partial:   534.22, Net: wbs_dat_i[9], Pin: mprj/wbs_dat_i[9], Layer: met2
Partial/Required:  1.33, Required:    400.0, Partial:   530.44, Net: wbs_adr_i[9], Pin: mprj/wbs_adr_i[9], Layer: met2
Partial/Required:  1.29, Required:    400.0, Partial:   515.33, Net: wbs_dat_i[18], Pin: mprj/wbs_dat_i[18], Layer: met2
Partial/Required:  1.29, Required:    400.0, Partial:   514.28, Net: wbs_cyc_i, Pin: mprj/wbs_cyc_i, Layer: met3
Partial/Required:  1.25, Required:    400.0, Partial:   500.22, Net: wbs_dat_i[20], Pin: mprj/wbs_dat_i[20], Layer: met2
Partial/Required:  1.20, Required:    400.0, Partial:   480.76, Net: wbs_adr_i[5], Pin: mprj/wbs_adr_i[5], Layer: met3
Partial/Required:  1.18, Required:    400.0, Partial:    470.0, Net: wbs_dat_i[27], Pin: mprj/wbs_dat_i[27], Layer: met2
Partial/Required:  1.09, Required:    400.0, Partial:   434.03, Net: wbs_dat_i[5], Pin: mprj/wbs_dat_i[5], Layer: met3
Partial/Required:  1.08, Required:    400.0, Partial:   432.22, Net: wbs_dat_i[23], Pin: mprj/wbs_dat_i[23], Layer: met2
Partial/Required:  1.08, Required:    400.0, Partial:   431.88, Net: wb_rst_i, Pin: mprj/wb_rst_i, Layer: met3
Partial/Required:  1.02, Required:    400.0, Partial:    409.4, Net: wbs_stb_i, Pin: mprj/wbs_stb_i, Layer: met3
Partial/Required:  1.01, Required:    400.0, Partial:   404.83, Net: wbs_dat_i[11], Pin: mprj/wbs_dat_i[11], Layer: met3
